[main]	INFO	profile include tests: None
[main]	INFO	profile exclude tests: None
[main]	INFO	cli include tests: None
[main]	INFO	cli exclude tests: None
[main]	INFO	running on Python 3.14.3
Run started:2026-04-25 15:13:38.888110+00:00

Test results:
>> Issue: [B101:assert_used] Use of assert detected. The enclosed code will be removed when compiling to optimised byte code.
   Severity: Low   Confidence: High
   CWE: CWE-703 (https://cwe.mitre.org/data/definitions/703.html)
   More Info: https://bandit.readthedocs.io/en/1.9.4/plugins/b101_assert_used.html
   Location: /Users/gustavoschneiter/Documents/HuGR/HuGR_Skills/examples/08-stripe-billing/test_app.py:29:4
28	                       customer_id="cus_1", plan="enterprise")
29	    assert svc.handle_webhook(body, sig) == (200, "ok")
30	    assert svc.handle_webhook(body, sig) == (200, "duplicate")

--------------------------------------------------
>> Issue: [B101:assert_used] Use of assert detected. The enclosed code will be removed when compiling to optimised byte code.
   Severity: Low   Confidence: High
   CWE: CWE-703 (https://cwe.mitre.org/data/definitions/703.html)
   More Info: https://bandit.readthedocs.io/en/1.9.4/plugins/b101_assert_used.html
   Location: /Users/gustavoschneiter/Documents/HuGR/HuGR_Skills/examples/08-stripe-billing/test_app.py:30:4
29	    assert svc.handle_webhook(body, sig) == (200, "ok")
30	    assert svc.handle_webhook(body, sig) == (200, "duplicate")
31	    assert svc.get("cus_1").plan == "enterprise"

--------------------------------------------------
>> Issue: [B101:assert_used] Use of assert detected. The enclosed code will be removed when compiling to optimised byte code.
   Severity: Low   Confidence: High
   CWE: CWE-703 (https://cwe.mitre.org/data/definitions/703.html)
   More Info: https://bandit.readthedocs.io/en/1.9.4/plugins/b101_assert_used.html
   Location: /Users/gustavoschneiter/Documents/HuGR/HuGR_Skills/examples/08-stripe-billing/test_app.py:31:4
30	    assert svc.handle_webhook(body, sig) == (200, "duplicate")
31	    assert svc.get("cus_1").plan == "enterprise"
32	

--------------------------------------------------
>> Issue: [B101:assert_used] Use of assert detected. The enclosed code will be removed when compiling to optimised byte code.
   Severity: Low   Confidence: High
   CWE: CWE-703 (https://cwe.mitre.org/data/definitions/703.html)
   More Info: https://bandit.readthedocs.io/en/1.9.4/plugins/b101_assert_used.html
   Location: /Users/gustavoschneiter/Documents/HuGR/HuGR_Skills/examples/08-stripe-billing/test_app.py:40:4
39	    code, _ = svc.handle_webhook(body, "deadbeef")
40	    assert code == 401
41	    assert svc.get("cus_1").plan == "team"

--------------------------------------------------
>> Issue: [B101:assert_used] Use of assert detected. The enclosed code will be removed when compiling to optimised byte code.
   Severity: Low   Confidence: High
   CWE: CWE-703 (https://cwe.mitre.org/data/definitions/703.html)
   More Info: https://bandit.readthedocs.io/en/1.9.4/plugins/b101_assert_used.html
   Location: /Users/gustavoschneiter/Documents/HuGR/HuGR_Skills/examples/08-stripe-billing/test_app.py:41:4
40	    assert code == 401
41	    assert svc.get("cus_1").plan == "team"
42	

--------------------------------------------------
>> Issue: [B101:assert_used] Use of assert detected. The enclosed code will be removed when compiling to optimised byte code.
   Severity: Low   Confidence: High
   CWE: CWE-703 (https://cwe.mitre.org/data/definitions/703.html)
   More Info: https://bandit.readthedocs.io/en/1.9.4/plugins/b101_assert_used.html
   Location: /Users/gustavoschneiter/Documents/HuGR/HuGR_Skills/examples/08-stripe-billing/test_app.py:51:4
50	    # Read path does not call Stripe — it uses the server record.
51	    assert svc.get("cus_1").plan == "team"
52	

--------------------------------------------------
>> Issue: [B101:assert_used] Use of assert detected. The enclosed code will be removed when compiling to optimised byte code.
   Severity: Low   Confidence: High
   CWE: CWE-703 (https://cwe.mitre.org/data/definitions/703.html)
   More Info: https://bandit.readthedocs.io/en/1.9.4/plugins/b101_assert_used.html
   Location: /Users/gustavoschneiter/Documents/HuGR/HuGR_Skills/examples/08-stripe-billing/test_app.py:64:4
63	    notified_b = svc.run_grace_job(now=8 * 86400, day_key=8)
64	    assert notified_a == ["cus_1"]
65	    assert notified_b == []  # idempotent

--------------------------------------------------
>> Issue: [B101:assert_used] Use of assert detected. The enclosed code will be removed when compiling to optimised byte code.
   Severity: Low   Confidence: High
   CWE: CWE-703 (https://cwe.mitre.org/data/definitions/703.html)
   More Info: https://bandit.readthedocs.io/en/1.9.4/plugins/b101_assert_used.html
   Location: /Users/gustavoschneiter/Documents/HuGR/HuGR_Skills/examples/08-stripe-billing/test_app.py:65:4
64	    assert notified_a == ["cus_1"]
65	    assert notified_b == []  # idempotent
66	    assert svc.notifications() == ["cus_1"]

--------------------------------------------------
>> Issue: [B101:assert_used] Use of assert detected. The enclosed code will be removed when compiling to optimised byte code.
   Severity: Low   Confidence: High
   CWE: CWE-703 (https://cwe.mitre.org/data/definitions/703.html)
   More Info: https://bandit.readthedocs.io/en/1.9.4/plugins/b101_assert_used.html
   Location: /Users/gustavoschneiter/Documents/HuGR/HuGR_Skills/examples/08-stripe-billing/test_app.py:66:4
65	    assert notified_b == []  # idempotent
66	    assert svc.notifications() == ["cus_1"]
67	

--------------------------------------------------
>> Issue: [B101:assert_used] Use of assert detected. The enclosed code will be removed when compiling to optimised byte code.
   Severity: Low   Confidence: High
   CWE: CWE-703 (https://cwe.mitre.org/data/definitions/703.html)
   More Info: https://bandit.readthedocs.io/en/1.9.4/plugins/b101_assert_used.html
   Location: /Users/gustavoschneiter/Documents/HuGR/HuGR_Skills/examples/08-stripe-billing/test_app.py:75:4
74	    svc.handle_webhook(body, sig)
75	    assert svc.has_premium_access("cus_1", now=500.0) is True
76	    assert svc.has_premium_access("cus_1", now=1000.0) is False

--------------------------------------------------
>> Issue: [B101:assert_used] Use of assert detected. The enclosed code will be removed when compiling to optimised byte code.
   Severity: Low   Confidence: High
   CWE: CWE-703 (https://cwe.mitre.org/data/definitions/703.html)
   More Info: https://bandit.readthedocs.io/en/1.9.4/plugins/b101_assert_used.html
   Location: /Users/gustavoschneiter/Documents/HuGR/HuGR_Skills/examples/08-stripe-billing/test_app.py:76:4
75	    assert svc.has_premium_access("cus_1", now=500.0) is True
76	    assert svc.has_premium_access("cus_1", now=1000.0) is False
77	

--------------------------------------------------

Code scanned:
	Total lines of code: 179
	Total lines skipped (#nosec): 0
	Total potential issues skipped due to specifically being disabled (e.g., #nosec BXXX): 0

Run metrics:
	Total issues (by severity):
		Undefined: 0
		Low: 11
		Medium: 0
		High: 0
	Total issues (by confidence):
		Undefined: 0
		Low: 0
		Medium: 0
		High: 11
Files skipped (0):
