[main]	INFO	profile include tests: None
[main]	INFO	profile exclude tests: None
[main]	INFO	cli include tests: None
[main]	INFO	cli exclude tests: None
[main]	INFO	running on Python 3.14.3
Run started:2026-04-26 01:44:40.996511+00:00

Test results:
>> Issue: [B101:assert_used] Use of assert detected. The enclosed code will be removed when compiling to optimised byte code.
   Severity: Low   Confidence: High
   CWE: CWE-703 (https://cwe.mitre.org/data/definitions/703.html)
   More Info: https://bandit.readthedocs.io/en/1.9.4/plugins/b101_assert_used.html
   Location: /Users/gustavoschneiter/Documents/HuGR/HuGR_Skills/examples/09-event-sourced-orders/test_app.py:27:4
26	    state_b = fold(log)
27	    assert state_a == state_b
28	    assert state_a["o1"].status == "shipped"

--------------------------------------------------
>> Issue: [B101:assert_used] Use of assert detected. The enclosed code will be removed when compiling to optimised byte code.
   Severity: Low   Confidence: High
   CWE: CWE-703 (https://cwe.mitre.org/data/definitions/703.html)
   More Info: https://bandit.readthedocs.io/en/1.9.4/plugins/b101_assert_used.html
   Location: /Users/gustavoschneiter/Documents/HuGR/HuGR_Skills/examples/09-event-sourced-orders/test_app.py:28:4
27	    assert state_a == state_b
28	    assert state_a["o1"].status == "shipped"
29	    assert state_a["o2"].status == "placed"

--------------------------------------------------
>> Issue: [B101:assert_used] Use of assert detected. The enclosed code will be removed when compiling to optimised byte code.
   Severity: Low   Confidence: High
   CWE: CWE-703 (https://cwe.mitre.org/data/definitions/703.html)
   More Info: https://bandit.readthedocs.io/en/1.9.4/plugins/b101_assert_used.html
   Location: /Users/gustavoschneiter/Documents/HuGR/HuGR_Skills/examples/09-event-sourced-orders/test_app.py:29:4
28	    assert state_a["o1"].status == "shipped"
29	    assert state_a["o2"].status == "placed"
30	

--------------------------------------------------
>> Issue: [B101:assert_used] Use of assert detected. The enclosed code will be removed when compiling to optimised byte code.
   Severity: Low   Confidence: High
   CWE: CWE-703 (https://cwe.mitre.org/data/definitions/703.html)
   More Info: https://bandit.readthedocs.io/en/1.9.4/plugins/b101_assert_used.html
   Location: /Users/gustavoschneiter/Documents/HuGR/HuGR_Skills/examples/09-event-sourced-orders/test_app.py:54:4
53	    # The outbox still has un-acked events because the handler raised before ack.
54	    assert len(store.outbox_pending()) >= 1
55	    # Drain again — succeeds this time.

--------------------------------------------------
>> Issue: [B101:assert_used] Use of assert detected. The enclosed code will be removed when compiling to optimised byte code.
   Severity: Low   Confidence: High
   CWE: CWE-703 (https://cwe.mitre.org/data/definitions/703.html)
   More Info: https://bandit.readthedocs.io/en/1.9.4/plugins/b101_assert_used.html
   Location: /Users/gustavoschneiter/Documents/HuGR/HuGR_Skills/examples/09-event-sourced-orders/test_app.py:57:4
56	    relay.drain()
57	    assert "evt-2" in consumer._applied  # PaymentAuthorized landed
58	

--------------------------------------------------
>> Issue: [B101:assert_used] Use of assert detected. The enclosed code will be removed when compiling to optimised byte code.
   Severity: Low   Confidence: High
   CWE: CWE-703 (https://cwe.mitre.org/data/definitions/703.html)
   More Info: https://bandit.readthedocs.io/en/1.9.4/plugins/b101_assert_used.html
   Location: /Users/gustavoschneiter/Documents/HuGR/HuGR_Skills/examples/09-event-sourced-orders/test_app.py:64:4
63	    # Simulate publisher crash AFTER log.append but BEFORE drain.
64	    assert len(store.outbox_pending()) == 4
65	

--------------------------------------------------
>> Issue: [B101:assert_used] Use of assert detected. The enclosed code will be removed when compiling to optimised byte code.
   Severity: Low   Confidence: High
   CWE: CWE-703 (https://cwe.mitre.org/data/definitions/703.html)
   More Info: https://bandit.readthedocs.io/en/1.9.4/plugins/b101_assert_used.html
   Location: /Users/gustavoschneiter/Documents/HuGR/HuGR_Skills/examples/09-event-sourced-orders/test_app.py:72:4
71	    delivered = relay.drain()
72	    assert delivered == 4
73	    assert len(seen) == 4

--------------------------------------------------
>> Issue: [B101:assert_used] Use of assert detected. The enclosed code will be removed when compiling to optimised byte code.
   Severity: Low   Confidence: High
   CWE: CWE-703 (https://cwe.mitre.org/data/definitions/703.html)
   More Info: https://bandit.readthedocs.io/en/1.9.4/plugins/b101_assert_used.html
   Location: /Users/gustavoschneiter/Documents/HuGR/HuGR_Skills/examples/09-event-sourced-orders/test_app.py:73:4
72	    assert delivered == 4
73	    assert len(seen) == 4
74	

--------------------------------------------------
>> Issue: [B101:assert_used] Use of assert detected. The enclosed code will be removed when compiling to optimised byte code.
   Severity: Low   Confidence: High
   CWE: CWE-703 (https://cwe.mitre.org/data/definitions/703.html)
   More Info: https://bandit.readthedocs.io/en/1.9.4/plugins/b101_assert_used.html
   Location: /Users/gustavoschneiter/Documents/HuGR/HuGR_Skills/examples/09-event-sourced-orders/test_app.py:84:4
83	
84	    assert live == replayed
85	

--------------------------------------------------
>> Issue: [B101:assert_used] Use of assert detected. The enclosed code will be removed when compiling to optimised byte code.
   Severity: Low   Confidence: High
   CWE: CWE-703 (https://cwe.mitre.org/data/definitions/703.html)
   More Info: https://bandit.readthedocs.io/en/1.9.4/plugins/b101_assert_used.html
   Location: /Users/gustavoschneiter/Documents/HuGR/HuGR_Skills/examples/09-event-sourced-orders/test_app.py:93:4
92	    ev = store.full_log()[0]
93	    assert consumer.deliver(ev) is True
94	    assert consumer.deliver(ev) is False  # redelivery

--------------------------------------------------
>> Issue: [B101:assert_used] Use of assert detected. The enclosed code will be removed when compiling to optimised byte code.
   Severity: Low   Confidence: High
   CWE: CWE-703 (https://cwe.mitre.org/data/definitions/703.html)
   More Info: https://bandit.readthedocs.io/en/1.9.4/plugins/b101_assert_used.html
   Location: /Users/gustavoschneiter/Documents/HuGR/HuGR_Skills/examples/09-event-sourced-orders/test_app.py:94:4
93	    assert consumer.deliver(ev) is True
94	    assert consumer.deliver(ev) is False  # redelivery
95	    assert len(seen) == 1

--------------------------------------------------
>> Issue: [B101:assert_used] Use of assert detected. The enclosed code will be removed when compiling to optimised byte code.
   Severity: Low   Confidence: High
   CWE: CWE-703 (https://cwe.mitre.org/data/definitions/703.html)
   More Info: https://bandit.readthedocs.io/en/1.9.4/plugins/b101_assert_used.html
   Location: /Users/gustavoschneiter/Documents/HuGR/HuGR_Skills/examples/09-event-sourced-orders/test_app.py:95:4
94	    assert consumer.deliver(ev) is False  # redelivery
95	    assert len(seen) == 1
96	

--------------------------------------------------

Code scanned:
	Total lines of code: 180
	Total lines skipped (#nosec): 0
	Total potential issues skipped due to specifically being disabled (e.g., #nosec BXXX): 0

Run metrics:
	Total issues (by severity):
		Undefined: 0
		Low: 12
		Medium: 0
		High: 0
	Total issues (by confidence):
		Undefined: 0
		Low: 0
		Medium: 0
		High: 12
Files skipped (0):
