[main]	INFO	profile include tests: None
[main]	INFO	profile exclude tests: None
[main]	INFO	cli include tests: None
[main]	INFO	cli exclude tests: None
[main]	INFO	running on Python 3.14.3
Run started:2026-04-25 15:13:43.785895+00:00

Test results:
>> Issue: [B101:assert_used] Use of assert detected. The enclosed code will be removed when compiling to optimised byte code.
   Severity: Low   Confidence: High
   CWE: CWE-703 (https://cwe.mitre.org/data/definitions/703.html)
   More Info: https://bandit.readthedocs.io/en/1.9.4/plugins/b101_assert_used.html
   Location: /Users/gustavoschneiter/Documents/HuGR/HuGR_Skills/examples/16-exactly-once-weak-broker/test_app.py:16:4
15	        consumer.deliver(ev)
16	    assert effects == ["e-1"]
17	

--------------------------------------------------
>> Issue: [B101:assert_used] Use of assert detected. The enclosed code will be removed when compiling to optimised byte code.
   Severity: Low   Confidence: High
   CWE: CWE-703 (https://cwe.mitre.org/data/definitions/703.html)
   More Info: https://bandit.readthedocs.io/en/1.9.4/plugins/b101_assert_used.html
   Location: /Users/gustavoschneiter/Documents/HuGR/HuGR_Skills/examples/16-exactly-once-weak-broker/test_app.py:31:4
30	    buf.drain(now=1.0)
31	    assert effects == ["e1", "e2", "e3"]
32	

--------------------------------------------------
>> Issue: [B101:assert_used] Use of assert detected. The enclosed code will be removed when compiling to optimised byte code.
   Severity: Low   Confidence: High
   CWE: CWE-703 (https://cwe.mitre.org/data/definitions/703.html)
   More Info: https://bandit.readthedocs.io/en/1.9.4/plugins/b101_assert_used.html
   Location: /Users/gustavoschneiter/Documents/HuGR/HuGR_Skills/examples/16-exactly-once-weak-broker/test_app.py:41:4
40	    # Within timeout — nothing drained.
41	    assert buf.drain(now=3.0) == 0
42	    assert effects == []

--------------------------------------------------
>> Issue: [B101:assert_used] Use of assert detected. The enclosed code will be removed when compiling to optimised byte code.
   Severity: Low   Confidence: High
   CWE: CWE-703 (https://cwe.mitre.org/data/definitions/703.html)
   More Info: https://bandit.readthedocs.io/en/1.9.4/plugins/b101_assert_used.html
   Location: /Users/gustavoschneiter/Documents/HuGR/HuGR_Skills/examples/16-exactly-once-weak-broker/test_app.py:42:4
41	    assert buf.drain(now=3.0) == 0
42	    assert effects == []
43	    # Past timeout — gap recorded, e2 emitted.

--------------------------------------------------
>> Issue: [B101:assert_used] Use of assert detected. The enclosed code will be removed when compiling to optimised byte code.
   Severity: Low   Confidence: High
   CWE: CWE-703 (https://cwe.mitre.org/data/definitions/703.html)
   More Info: https://bandit.readthedocs.io/en/1.9.4/plugins/b101_assert_used.html
   Location: /Users/gustavoschneiter/Documents/HuGR/HuGR_Skills/examples/16-exactly-once-weak-broker/test_app.py:45:4
44	    buf.drain(now=10.0)
45	    assert effects == ["e2"]
46	    assert len(buf.gaps) == 1 and buf.gaps[0].missing_seq == 1

--------------------------------------------------
>> Issue: [B101:assert_used] Use of assert detected. The enclosed code will be removed when compiling to optimised byte code.
   Severity: Low   Confidence: High
   CWE: CWE-703 (https://cwe.mitre.org/data/definitions/703.html)
   More Info: https://bandit.readthedocs.io/en/1.9.4/plugins/b101_assert_used.html
   Location: /Users/gustavoschneiter/Documents/HuGR/HuGR_Skills/examples/16-exactly-once-weak-broker/test_app.py:46:4
45	    assert effects == ["e2"]
46	    assert len(buf.gaps) == 1 and buf.gaps[0].missing_seq == 1
47	

--------------------------------------------------
>> Issue: [B101:assert_used] Use of assert detected. The enclosed code will be removed when compiling to optimised byte code.
   Severity: Low   Confidence: High
   CWE: CWE-703 (https://cwe.mitre.org/data/definitions/703.html)
   More Info: https://bandit.readthedocs.io/en/1.9.4/plugins/b101_assert_used.html
   Location: /Users/gustavoschneiter/Documents/HuGR/HuGR_Skills/examples/16-exactly-once-weak-broker/test_app.py:56:4
55	    buf.drain(now=0.0)
56	    assert effects == ["e1"]
57	    # Simulate broker replay: the SAME event comes back.

--------------------------------------------------
>> Issue: [B101:assert_used] Use of assert detected. The enclosed code will be removed when compiling to optimised byte code.
   Severity: Low   Confidence: High
   CWE: CWE-703 (https://cwe.mitre.org/data/definitions/703.html)
   More Info: https://bandit.readthedocs.io/en/1.9.4/plugins/b101_assert_used.html
   Location: /Users/gustavoschneiter/Documents/HuGR/HuGR_Skills/examples/16-exactly-once-weak-broker/test_app.py:61:4
60	    buf.drain(now=0.1)
61	    assert effects == ["e1"]  # no replay
62	

--------------------------------------------------

Code scanned:
	Total lines of code: 130
	Total lines skipped (#nosec): 0
	Total potential issues skipped due to specifically being disabled (e.g., #nosec BXXX): 0

Run metrics:
	Total issues (by severity):
		Undefined: 0
		Low: 8
		Medium: 0
		High: 0
	Total issues (by confidence):
		Undefined: 0
		Low: 0
		Medium: 0
		High: 8
Files skipped (0):
