[main]	INFO	profile include tests: None
[main]	INFO	profile exclude tests: None
[main]	INFO	cli include tests: None
[main]	INFO	cli exclude tests: None
[main]	INFO	running on Python 3.14.3
Run started:2026-04-25 15:13:44.382013+00:00

Test results:
>> Issue: [B101:assert_used] Use of assert detected. The enclosed code will be removed when compiling to optimised byte code.
   Severity: Low   Confidence: High
   CWE: CWE-703 (https://cwe.mitre.org/data/definitions/703.html)
   More Info: https://bandit.readthedocs.io/en/1.9.4/plugins/b101_assert_used.html
   Location: /Users/gustavoschneiter/Documents/HuGR/HuGR_Skills/examples/17-stateless-session-aware/test_app.py:19:4
18	    n2 = Node("n2", bucket)
19	    assert n2.get_rate("alice", now=1.0) == 2
20	    assert n2.get_cursor("alice", now=1.0) == 42

--------------------------------------------------
>> Issue: [B101:assert_used] Use of assert detected. The enclosed code will be removed when compiling to optimised byte code.
   Severity: Low   Confidence: High
   CWE: CWE-703 (https://cwe.mitre.org/data/definitions/703.html)
   More Info: https://bandit.readthedocs.io/en/1.9.4/plugins/b101_assert_used.html
   Location: /Users/gustavoschneiter/Documents/HuGR/HuGR_Skills/examples/17-stateless-session-aware/test_app.py:20:4
19	    assert n2.get_rate("alice", now=1.0) == 2
20	    assert n2.get_cursor("alice", now=1.0) == 42
21	

--------------------------------------------------
>> Issue: [B101:assert_used] Use of assert detected. The enclosed code will be removed when compiling to optimised byte code.
   Severity: Low   Confidence: High
   CWE: CWE-703 (https://cwe.mitre.org/data/definitions/703.html)
   More Info: https://bandit.readthedocs.io/en/1.9.4/plugins/b101_assert_used.html
   Location: /Users/gustavoschneiter/Documents/HuGR/HuGR_Skills/examples/17-stateless-session-aware/test_app.py:28:4
27	    # n2 populates its local cache with False.
28	    assert n2.flag("alice", "beta", now=0.0) is False
29	    # n1 flips the flag.

--------------------------------------------------
>> Issue: [B101:assert_used] Use of assert detected. The enclosed code will be removed when compiling to optimised byte code.
   Severity: Low   Confidence: High
   CWE: CWE-703 (https://cwe.mitre.org/data/definitions/703.html)
   More Info: https://bandit.readthedocs.io/en/1.9.4/plugins/b101_assert_used.html
   Location: /Users/gustavoschneiter/Documents/HuGR/HuGR_Skills/examples/17-stateless-session-aware/test_app.py:33:4
32	    # After TTL expiry (>= 1.0s since last fetch), n2 reads fresh from bucket.
33	    assert n2.flag("alice", "beta", now=1.1) is True
34	

--------------------------------------------------
>> Issue: [B311:blacklist] Standard pseudo-random generators are not suitable for security/cryptographic purposes.
   Severity: Low   Confidence: High
   CWE: CWE-330 (https://cwe.mitre.org/data/definitions/330.html)
   More Info: https://bandit.readthedocs.io/en/1.9.4/blacklists/blacklist_calls.html#b311-random
   Location: /Users/gustavoschneiter/Documents/HuGR/HuGR_Skills/examples/17-stateless-session-aware/test_app.py:39:10
38	    nodes = [Node(f"n{i}", bucket) for i in range(4)]
39	    rng = random.Random(42)
40	    # Caller alice makes 20 requests; each hits a random node.

--------------------------------------------------
>> Issue: [B101:assert_used] Use of assert detected. The enclosed code will be removed when compiling to optimised byte code.
   Severity: Low   Confidence: High
   CWE: CWE-703 (https://cwe.mitre.org/data/definitions/703.html)
   More Info: https://bandit.readthedocs.io/en/1.9.4/plugins/b101_assert_used.html
   Location: /Users/gustavoschneiter/Documents/HuGR/HuGR_Skills/examples/17-stateless-session-aware/test_app.py:48:8
47	    for n in nodes:
48	        assert n.get_rate("alice", now=now + 2.0) == 20
49	

--------------------------------------------------
>> Issue: [B101:assert_used] Use of assert detected. The enclosed code will be removed when compiling to optimised byte code.
   Severity: Low   Confidence: High
   CWE: CWE-703 (https://cwe.mitre.org/data/definitions/703.html)
   More Info: https://bandit.readthedocs.io/en/1.9.4/plugins/b101_assert_used.html
   Location: /Users/gustavoschneiter/Documents/HuGR/HuGR_Skills/examples/17-stateless-session-aware/test_app.py:58:4
57	    cold = Node("cold", bucket)
58	    assert cold.get_rate("alice", now=10.0) == 5
59	

--------------------------------------------------

Code scanned:
	Total lines of code: 119
	Total lines skipped (#nosec): 0
	Total potential issues skipped due to specifically being disabled (e.g., #nosec BXXX): 0

Run metrics:
	Total issues (by severity):
		Undefined: 0
		Low: 7
		Medium: 0
		High: 0
	Total issues (by confidence):
		Undefined: 0
		Low: 0
		Medium: 0
		High: 7
Files skipped (0):
