[main]	INFO	profile include tests: None
[main]	INFO	profile exclude tests: None
[main]	INFO	cli include tests: None
[main]	INFO	cli exclude tests: None
[main]	INFO	running on Python 3.14.3
Run started:2026-04-25 18:33:33.949635+00:00

Test results:
>> Issue: [B101:assert_used] Use of assert detected. The enclosed code will be removed when compiling to optimised byte code.
   Severity: Low   Confidence: High
   CWE: CWE-703 (https://cwe.mitre.org/data/definitions/703.html)
   More Info: https://bandit.readthedocs.io/en/1.9.4/plugins/b101_assert_used.html
   Location: /Users/gustavoschneiter/Documents/HuGR/HuGR_Skills/examples/20-innocent-counter/test_app.py:24:4
23	
24	    assert c.value("hot-user") == 10_000
25	

--------------------------------------------------
>> Issue: [B101:assert_used] Use of assert detected. The enclosed code will be removed when compiling to optimised byte code.
   Severity: Low   Confidence: High
   CWE: CWE-703 (https://cwe.mitre.org/data/definitions/703.html)
   More Info: https://bandit.readthedocs.io/en/1.9.4/plugins/b101_assert_used.html
   Location: /Users/gustavoschneiter/Documents/HuGR/HuGR_Skills/examples/20-innocent-counter/test_app.py:29:4
28	    c = ShardedCounter(shards=64)
29	    assert c.value("never-seen") == 0
30	

--------------------------------------------------
>> Issue: [B101:assert_used] Use of assert detected. The enclosed code will be removed when compiling to optimised byte code.
   Severity: Low   Confidence: High
   CWE: CWE-703 (https://cwe.mitre.org/data/definitions/703.html)
   More Info: https://bandit.readthedocs.io/en/1.9.4/plugins/b101_assert_used.html
   Location: /Users/gustavoschneiter/Documents/HuGR/HuGR_Skills/examples/20-innocent-counter/test_app.py:37:4
36	        c.incr("u1", -1)
37	    assert c.value("u1") == 5
38	

--------------------------------------------------
>> Issue: [B101:assert_used] Use of assert detected. The enclosed code will be removed when compiling to optimised byte code.
   Severity: Low   Confidence: High
   CWE: CWE-703 (https://cwe.mitre.org/data/definitions/703.html)
   More Info: https://bandit.readthedocs.io/en/1.9.4/plugins/b101_assert_used.html
   Location: /Users/gustavoschneiter/Documents/HuGR/HuGR_Skills/examples/20-innocent-counter/test_app.py:48:4
47	    ops = c.shard_ops()
48	    assert sum(ops) == 550
49	    # At least one shard did meaningful work (the whale's shard).

--------------------------------------------------
>> Issue: [B101:assert_used] Use of assert detected. The enclosed code will be removed when compiling to optimised byte code.
   Severity: Low   Confidence: High
   CWE: CWE-703 (https://cwe.mitre.org/data/definitions/703.html)
   More Info: https://bandit.readthedocs.io/en/1.9.4/plugins/b101_assert_used.html
   Location: /Users/gustavoschneiter/Documents/HuGR/HuGR_Skills/examples/20-innocent-counter/test_app.py:50:4
49	    # At least one shard did meaningful work (the whale's shard).
50	    assert max(ops) >= 500
51	

--------------------------------------------------
>> Issue: [B101:assert_used] Use of assert detected. The enclosed code will be removed when compiling to optimised byte code.
   Severity: Low   Confidence: High
   CWE: CWE-703 (https://cwe.mitre.org/data/definitions/703.html)
   More Info: https://bandit.readthedocs.io/en/1.9.4/plugins/b101_assert_used.html
   Location: /Users/gustavoschneiter/Documents/HuGR/HuGR_Skills/examples/20-innocent-counter/test_app.py:53:4
52	    top = c.hot_keys(top_n=3)
53	    assert top[0] == ("whale-1", 500)
54	

--------------------------------------------------

Code scanned:
	Total lines of code: 80
	Total lines skipped (#nosec): 0
	Total potential issues skipped due to specifically being disabled (e.g., #nosec BXXX): 0

Run metrics:
	Total issues (by severity):
		Undefined: 0
		Low: 6
		Medium: 0
		High: 0
	Total issues (by confidence):
		Undefined: 0
		Low: 0
		Medium: 0
		High: 6
Files skipped (0):
